src/components/ProjectCard.tsx(16,3): error TS6133: 'setGenerations' is declared but its value is never read.
src/pages/MyGenerations.tsx(2,1): error TS6133: 'dummyGenerations' is declared but its value is never read.
